<html>
<body>
<pre>
<h1>µVision Build Log</h1>
<h2>Project:</h2>
C:\Users\Raju\Desktop\Github\Magnetomometer\Raju Contribution\C_Code_Test\C_Code_Test\USER\STM32-DEMO.uvproj
Project File Date:  07/21/2015

<h2>Output:</h2>
Build target 'RTC-DEMO'
linking...
Program Size: Code=9736 RO-data=1440 RW-data=88 ZI-data=1024  
"..\Output\STM32-DEMO.axf" - 0 Error(s), 0 Warning(s).
</pre>
</body>
</html>
177-D: variable "i" was declared but never referenced
          int_T i;
main.c: 2 warnings, 0 errors
linking...
Program Size: Code=9736 RO-data=1440 RW-data=88 ZI-data=1024  
"..\Output\STM32-DEMO.axf" - 0 Error(s), 2 Warning(s).
utput\STM32-DEMO.axf" - 1 Error(s), 3 Warning(s).
Target not created
t never referenced
        real_T snrDB;
..\FFT_CO2\FFT_CO2.c: 1 warning, 1 error
"..\Output\STM32-DEMO.axf" - 1 Error(s), 3 Warning(s).
Target not created
77-D: variable "snrDB" was declared but never referenced
        real_T snrDB;
..\FFT_CO2\FFT_CO2.c: 1 warning, 1 error
"..\Output\STM32-DEMO.axf" - 2 Error(s), 4 Warning(s).
Target not created
