<html>
<body>
<pre>
<h1>µVision Build Log</h1>
<h2>Tool Versions:</h2>
IDE-Version: µVision V5.14.0.0
Copyright (C) 2015 ARM Ltd and ARM Germany GmbH. All rights reserved.
License Information: Raju Regmi, HP, LIC=LJWEV-PSGCT-330M1-CJ6WT-7DGA4-XHKSS
 
Tool Versions:
Toolchain:       MDK-ARM Professional  Version: 5.14.0.0
Toolchain Path:  C:\Program Files\ARM\ARMCC\Bin
C Compiler:      Armcc.exe V5.05 update 1 (build 106)
Assembler:       Armasm.exe V5.05 update 1 (build 106)
Linker/Locator:  ArmLink.exe V5.05 update 1 (build 106)
Library Manager: ArmAr.exe V5.05 update 1 (build 106)
Hex Converter:   FromElf.exe V5.05 update 1 (build 106)
CPU DLL:         SARMCM3.DLL V5.14.0.0
Dialog DLL:      DARMSTM.DLL V1.65.0.0
Target DLL:      Segger\JL2CM3.dll V2.99.13.0
Dialog DLL:      TARMSTM.DLL V1.64.0.0
 
<h2>Project:</h2>
C:\Users\ASADULLAH\Desktop\Backup\Project_GitHub\GitHub\Magnetometer_Odesk\Temco_Magnetometer\C_Code_Test\C_Code_Test\USER\STM32-DEMO.uvproj
Project File Date:  04/23/2015

<h2>Output:</h2>
Build target 'RTC-DEMO'
compiling main.c...
linking...
Program Size: Code=8398 RO-data=366 RW-data=3916 ZI-data=5436  
"..\Output\STM32-DEMO.axf" - 0 Error(s), 0 Warning(s).
</pre>
</body>
</html>
