<html>
<body>
<pre>
<h1>礦ision Build Log</h1>
<h2>Project:</h2>
E:\快盘\野火M3例程（3.5.0版本）\第三部分-库开发中级篇\野火M3-RTC\USER\STM32-DEMO.uvproj
Project File Date:  04/19/2012

<h2>Output:</h2>
Build target 'RTC-DEMO'
compiling main.c...
compiling stm32f10x_it.c...
compiling usart1.c...
compiling rtc.c...
compiling stm32f10x_rcc.c...
compiling stm32f10x_gpio.c...
compiling stm32f10x_usart.c...
compiling stm32f10x_bkp.c...
compiling stm32f10x_rtc.c...
compiling stm32f10x_pwr.c...
compiling misc.c...
compiling core_cm3.c...
compiling system_stm32f10x.c...
linking...
Program Size: Code=6376 RO-data=404 RW-data=48 ZI-data=1024  
FromELF: creating hex file...
"..\Output\STM32-DEMO.axf" - 0 Error(s), 0 Warning(s).
