Component: ARM Compiler 5.05 update 1 (build 106) Tool: armlink [4d0efa]

==============================================================================

Section Cross References

    startup_stm32f10x_hd.o(RESET) refers to startup_stm32f10x_hd.o(STACK) for __initial_sp
    startup_stm32f10x_hd.o(RESET) refers to startup_stm32f10x_hd.o(.text) for Reset_Handler
    startup_stm32f10x_hd.o(RESET) refers to stm32f10x_it.o(.text) for NMI_Handler
    startup_stm32f10x_hd.o(.text) refers to system_stm32f10x.o(.text) for SystemInit
    startup_stm32f10x_hd.o(.text) refers to entry.o(.ARM.Collect$$$$00000000) for __main
    main.o(.text) refers to usart1.o(.text) for USART1_Config
    main.o(.text) refers to printfa.o(i.__0printf) for __2printf
    main.o(.text) refers to filterrollereffect_initialize.o(.text) for filterRollerEffect_initialize
    main.o(.text) refers to filterrollereffect.o(.text) for filterRollerEffect
    main.o(.text) refers to main.o(.bss) for .bss
    main.o(.text) refers to main.o(.constdata) for .constdata
    main.o(.text) refers to main.o(.data) for .data
    usart1.o(.text) refers to stm32f10x_rcc.o(.text) for RCC_APB2PeriphClockCmd
    usart1.o(.text) refers to stm32f10x_gpio.o(.text) for GPIO_Init
    usart1.o(.text) refers to stm32f10x_usart.o(.text) for USART_Init
    stm32f10x_rcc.o(.text) refers to stm32f10x_rcc.o(.data) for .data
    stm32f10x_gpio.o(.text) refers to stm32f10x_rcc.o(.text) for RCC_APB2PeriphResetCmd
    stm32f10x_usart.o(.text) refers to stm32f10x_rcc.o(.text) for RCC_APB2PeriphResetCmd
    stm32f10x_bkp.o(.text) refers to stm32f10x_rcc.o(.text) for RCC_BackupResetCmd
    stm32f10x_pwr.o(.text) refers to stm32f10x_rcc.o(.text) for RCC_APB1PeriphResetCmd
    system_stm32f10x.o(.text) refers to system_stm32f10x.o(.data) for .data
    filterrollereffect.o(.text) refers to memseta.o(.text) for __aeabi_memclr4
    filterrollereffect.o(.text) refers to dadd.o(.text) for __aeabi_dsub
    filterrollereffect.o(.text) refers to rand.o(.text) for b_rand
    filterrollereffect.o(.text) refers to dmul.o(.text) for __aeabi_dmul
    filterrollereffect.o(.text) refers to filterrollereffect.o(.constdata) for .constdata
    filterrollereffect_initialize.o(.text) refers to rt_nonfinite.o(.text) for rt_InitInfAndNaN
    filterrollereffect_initialize.o(.text) refers to filterrollereffect_data.o(.data) for state_not_empty
    filterrollereffect_initialize.o(.text) refers to filterrollereffect_data.o(.data) for state
    filterrollereffect_initialize.o(.text) refers to filterrollereffect_data.o(.data) for b_state
    filterrollereffect_initialize.o(.text) refers to filterrollereffect_data.o(.data) for method
    rand.o(.text) refers to cdcmple.o(.text) for __aeabi_cdcmple
    rand.o(.text) refers to cdrcmple.o(.text) for __aeabi_cdrcmple
    rand.o(.text) refers to dfixui.o(.text) for __aeabi_d2uiz
    rand.o(.text) refers to dfltui.o(.text) for __aeabi_ui2d
    rand.o(.text) refers to dscalb.o(.text) for __ARM_scalbn
    rand.o(.text) refers to dadd.o(.text) for __aeabi_dadd
    rand.o(.text) refers to dmul.o(.text) for __aeabi_dmul
    rand.o(.text) refers to memseta.o(.text) for __aeabi_memclr4
    rand.o(.text) refers to filterrollereffect_data.o(.data) for method
    rand.o(.text) refers to filterrollereffect_data.o(.data) for state_not_empty
    rand.o(.text) refers to filterrollereffect_data.o(.data) for state
    rand.o(.text) refers to filterrollereffect_data.o(.data) for b_state
    rand.o(.text) refers to rand.o(.bss) for .bss
    rt_nonfinite.o(.text) refers to rtgetnan.o(.text) for rtGetNaN
    rt_nonfinite.o(.text) refers to rtgetinf.o(.text) for rtGetInf
    rt_nonfinite.o(.text) refers to cdcmple.o(.text) for __aeabi_cdcmpeq
    rt_nonfinite.o(.text) refers to cfcmple.o(.text) for __aeabi_cfcmpeq
    rt_nonfinite.o(.text) refers to rt_nonfinite.o(.data) for .data
    entry.o(.ARM.Collect$$$$00000000) refers (Special) to entry10a.o(.ARM.Collect$$$$0000000D) for __rt_final_cpp
    entry.o(.ARM.Collect$$$$00000000) refers (Special) to entry11a.o(.ARM.Collect$$$$0000000F) for __rt_final_exit
    entry.o(.ARM.Collect$$$$00000000) refers (Special) to entry7b.o(.ARM.Collect$$$$00000008) for _main_clock
    entry.o(.ARM.Collect$$$$00000000) refers (Special) to entry8b.o(.ARM.Collect$$$$0000000A) for _main_cpp_init
    entry.o(.ARM.Collect$$$$00000000) refers (Special) to entry9a.o(.ARM.Collect$$$$0000000B) for _main_init
    entry.o(.ARM.Collect$$$$00000000) refers (Special) to entry5.o(.ARM.Collect$$$$00000004) for _main_scatterload
    entry.o(.ARM.Collect$$$$00000000) refers (Special) to entry2.o(.ARM.Collect$$$$00000001) for _main_stk
    printfb.o(i.__0fprintf$bare) refers to printfb.o(i._printf_core) for _printf_core
    printfb.o(i.__0fprintf$bare) refers to usart1.o(.text) for fputc
    printfb.o(i.__0printf$bare) refers to printfb.o(i._printf_core) for _printf_core
    printfb.o(i.__0printf$bare) refers to usart1.o(.text) for fputc
    printfb.o(i.__0printf$bare) refers to stdout.o(.data) for __stdout
    printfb.o(i.__0snprintf$bare) refers to printfb.o(i._printf_core) for _printf_core
    printfb.o(i.__0snprintf$bare) refers to printfb.o(i._snputc) for _snputc
    printfb.o(i.__0sprintf$bare) refers to printfb.o(i._printf_core) for _printf_core
    printfb.o(i.__0sprintf$bare) refers to printfb.o(i._sputc) for _sputc
    printfb.o(i.__0vfprintf$bare) refers to printfb.o(i._printf_core) for _printf_core
    printfb.o(i.__0vfprintf$bare) refers to usart1.o(.text) for fputc
    printfb.o(i.__0vprintf$bare) refers to printfb.o(i._printf_core) for _printf_core
    printfb.o(i.__0vprintf$bare) refers to usart1.o(.text) for fputc
    printfb.o(i.__0vprintf$bare) refers to stdout.o(.data) for __stdout
    printfb.o(i.__0vsnprintf$bare) refers to printfb.o(i._printf_core) for _printf_core
    printfb.o(i.__0vsnprintf$bare) refers to printfb.o(i._snputc) for _snputc
    printfb.o(i.__0vsprintf$bare) refers to printfb.o(i._printf_core) for _printf_core
    printfb.o(i.__0vsprintf$bare) refers to printfb.o(i._sputc) for _sputc
    printf0.o(i.__0fprintf$0) refers to printf0.o(i._printf_core) for _printf_core
    printf0.o(i.__0fprintf$0) refers to usart1.o(.text) for fputc
    printf0.o(i.__0printf$0) refers to printf0.o(i._printf_core) for _printf_core
    printf0.o(i.__0printf$0) refers to usart1.o(.text) for fputc
    printf0.o(i.__0printf$0) refers to stdout.o(.data) for __stdout
    printf0.o(i.__0snprintf$0) refers to printf0.o(i._printf_core) for _printf_core
    printf0.o(i.__0snprintf$0) refers to printf0.o(i._snputc) for _snputc
    printf0.o(i.__0sprintf$0) refers to printf0.o(i._printf_core) for _printf_core
    printf0.o(i.__0sprintf$0) refers to printf0.o(i._sputc) for _sputc
    printf0.o(i.__0vfprintf$0) refers to printf0.o(i._printf_core) for _printf_core
    printf0.o(i.__0vfprintf$0) refers to usart1.o(.text) for fputc
    printf0.o(i.__0vprintf$0) refers to printf0.o(i._printf_core) for _printf_core
    printf0.o(i.__0vprintf$0) refers to usart1.o(.text) for fputc
    printf0.o(i.__0vprintf$0) refers to stdout.o(.data) for __stdout
    printf0.o(i.__0vsnprintf$0) refers to printf0.o(i._printf_core) for _printf_core
    printf0.o(i.__0vsnprintf$0) refers to printf0.o(i._snputc) for _snputc
    printf0.o(i.__0vsprintf$0) refers to printf0.o(i._printf_core) for _printf_core
    printf0.o(i.__0vsprintf$0) refers to printf0.o(i._sputc) for _sputc
    printf1.o(i.__0fprintf$1) refers to printf1.o(i._printf_core) for _printf_core
    printf1.o(i.__0fprintf$1) refers to usart1.o(.text) for fputc
    printf1.o(i.__0printf$1) refers to printf1.o(i._printf_core) for _printf_core
    printf1.o(i.__0printf$1) refers to usart1.o(.text) for fputc
    printf1.o(i.__0printf$1) refers to stdout.o(.data) for __stdout
    printf1.o(i.__0snprintf$1) refers to printf1.o(i._printf_core) for _printf_core
    printf1.o(i.__0snprintf$1) refers to printf1.o(i._snputc) for _snputc
    printf1.o(i.__0sprintf$1) refers to printf1.o(i._printf_core) for _printf_core
    printf1.o(i.__0sprintf$1) refers to printf1.o(i._sputc) for _sputc
    printf1.o(i.__0vfprintf$1) refers to printf1.o(i._printf_core) for _printf_core
    printf1.o(i.__0vfprintf$1) refers to usart1.o(.text) for fputc
    printf1.o(i.__0vprintf$1) refers to printf1.o(i._printf_core) for _printf_core
    printf1.o(i.__0vprintf$1) refers to usart1.o(.text) for fputc
    printf1.o(i.__0vprintf$1) refers to stdout.o(.data) for __stdout
    printf1.o(i.__0vsnprintf$1) refers to printf1.o(i._printf_core) for _printf_core
    printf1.o(i.__0vsnprintf$1) refers to printf1.o(i._snputc) for _snputc
    printf1.o(i.__0vsprintf$1) refers to printf1.o(i._printf_core) for _printf_core
    printf1.o(i.__0vsprintf$1) refers to printf1.o(i._sputc) for _sputc
    printf1.o(i._printf_core) refers to uidiv.o(.text) for __aeabi_uidivmod
    printf2.o(i.__0fprintf$2) refers to printf2.o(i._printf_core) for _printf_core
    printf2.o(i.__0fprintf$2) refers to usart1.o(.text) for fputc
    printf2.o(i.__0printf$2) refers to printf2.o(i._printf_core) for _printf_core
    printf2.o(i.__0printf$2) refers to usart1.o(.text) for fputc
    printf2.o(i.__0printf$2) refers to stdout.o(.data) for __stdout
    printf2.o(i.__0snprintf$2) refers to printf2.o(i._printf_core) for _printf_core
    printf2.o(i.__0snprintf$2) refers to printf2.o(i._snputc) for _snputc
    printf2.o(i.__0sprintf$2) refers to printf2.o(i._printf_core) for _printf_core
    printf2.o(i.__0sprintf$2) refers to printf2.o(i._sputc) for _sputc
    printf2.o(i.__0vfprintf$2) refers to printf2.o(i._printf_core) for _printf_core
    printf2.o(i.__0vfprintf$2) refers to usart1.o(.text) for fputc
    printf2.o(i.__0vprintf$2) refers to printf2.o(i._printf_core) for _printf_core
    printf2.o(i.__0vprintf$2) refers to usart1.o(.text) for fputc
    printf2.o(i.__0vprintf$2) refers to stdout.o(.data) for __stdout
    printf2.o(i.__0vsnprintf$2) refers to printf2.o(i._printf_core) for _printf_core
    printf2.o(i.__0vsnprintf$2) refers to printf2.o(i._snputc) for _snputc
    printf2.o(i.__0vsprintf$2) refers to printf2.o(i._printf_core) for _printf_core
    printf2.o(i.__0vsprintf$2) refers to printf2.o(i._sputc) for _sputc
    printf3.o(i.__0fprintf$3) refers to printf3.o(i._printf_core) for _printf_core
    printf3.o(i.__0fprintf$3) refers to usart1.o(.text) for fputc
    printf3.o(i.__0printf$3) refers to printf3.o(i._printf_core) for _printf_core
    printf3.o(i.__0printf$3) refers to usart1.o(.text) for fputc
    printf3.o(i.__0printf$3) refers to stdout.o(.data) for __stdout
    printf3.o(i.__0snprintf$3) refers to printf3.o(i._printf_core) for _printf_core
    printf3.o(i.__0snprintf$3) refers to printf3.o(i._snputc) for _snputc
    printf3.o(i.__0sprintf$3) refers to printf3.o(i._printf_core) for _printf_core
    printf3.o(i.__0sprintf$3) refers to printf3.o(i._sputc) for _sputc
    printf3.o(i.__0vfprintf$3) refers to printf3.o(i._printf_core) for _printf_core
    printf3.o(i.__0vfprintf$3) refers to usart1.o(.text) for fputc
    printf3.o(i.__0vprintf$3) refers to printf3.o(i._printf_core) for _printf_core
    printf3.o(i.__0vprintf$3) refers to usart1.o(.text) for fputc
    printf3.o(i.__0vprintf$3) refers to stdout.o(.data) for __stdout
    printf3.o(i.__0vsnprintf$3) refers to printf3.o(i._printf_core) for _printf_core
    printf3.o(i.__0vsnprintf$3) refers to printf3.o(i._snputc) for _snputc
    printf3.o(i.__0vsprintf$3) refers to printf3.o(i._printf_core) for _printf_core
    printf3.o(i.__0vsprintf$3) refers to printf3.o(i._sputc) for _sputc
    printf3.o(i._printf_core) refers to uidiv.o(.text) for __aeabi_uidivmod
    printf4.o(i.__0fprintf$4) refers to printf4.o(i._printf_core) for _printf_core
    printf4.o(i.__0fprintf$4) refers to usart1.o(.text) for fputc
    printf4.o(i.__0printf$4) refers to printf4.o(i._printf_core) for _printf_core
    printf4.o(i.__0printf$4) refers to usart1.o(.text) for fputc
    printf4.o(i.__0printf$4) refers to stdout.o(.data) for __stdout
    printf4.o(i.__0snprintf$4) refers to printf4.o(i._printf_core) for _printf_core
    printf4.o(i.__0snprintf$4) refers to printf4.o(i._snputc) for _snputc
    printf4.o(i.__0sprintf$4) refers to printf4.o(i._printf_core) for _printf_core
    printf4.o(i.__0sprintf$4) refers to printf4.o(i._sputc) for _sputc
    printf4.o(i.__0vfprintf$4) refers to printf4.o(i._printf_core) for _printf_core
    printf4.o(i.__0vfprintf$4) refers to usart1.o(.text) for fputc
    printf4.o(i.__0vprintf$4) refers to printf4.o(i._printf_core) for _printf_core
    printf4.o(i.__0vprintf$4) refers to usart1.o(.text) for fputc
    printf4.o(i.__0vprintf$4) refers to stdout.o(.data) for __stdout
    printf4.o(i.__0vsnprintf$4) refers to printf4.o(i._printf_core) for _printf_core
    printf4.o(i.__0vsnprintf$4) refers to printf4.o(i._snputc) for _snputc
    printf4.o(i.__0vsprintf$4) refers to printf4.o(i._printf_core) for _printf_core
    printf4.o(i.__0vsprintf$4) refers to printf4.o(i._sputc) for _sputc
    printf4.o(i._printf_core) refers to uldiv.o(.text) for __aeabi_uldivmod
    printf5.o(i.__0fprintf$5) refers to printf5.o(i._printf_core) for _printf_core
    printf5.o(i.__0fprintf$5) refers to usart1.o(.text) for fputc
    printf5.o(i.__0printf$5) refers to printf5.o(i._printf_core) for _printf_core
    printf5.o(i.__0printf$5) refers to usart1.o(.text) for fputc
    printf5.o(i.__0printf$5) refers to stdout.o(.data) for __stdout
    printf5.o(i.__0snprintf$5) refers to printf5.o(i._printf_core) for _printf_core
    printf5.o(i.__0snprintf$5) refers to printf5.o(i._snputc) for _snputc
    printf5.o(i.__0sprintf$5) refers to printf5.o(i._printf_core) for _printf_core
    printf5.o(i.__0sprintf$5) refers to printf5.o(i._sputc) for _sputc
    printf5.o(i.__0vfprintf$5) refers to printf5.o(i._printf_core) for _printf_core
    printf5.o(i.__0vfprintf$5) refers to usart1.o(.text) for fputc
    printf5.o(i.__0vprintf$5) refers to printf5.o(i._printf_core) for _printf_core
    printf5.o(i.__0vprintf$5) refers to usart1.o(.text) for fputc
    printf5.o(i.__0vprintf$5) refers to stdout.o(.data) for __stdout
    printf5.o(i.__0vsnprintf$5) refers to printf5.o(i._printf_core) for _printf_core
    printf5.o(i.__0vsnprintf$5) refers to printf5.o(i._snputc) for _snputc
    printf5.o(i.__0vsprintf$5) refers to printf5.o(i._printf_core) for _printf_core
    printf5.o(i.__0vsprintf$5) refers to printf5.o(i._sputc) for _sputc
    printf5.o(i._printf_core) refers to uldiv.o(.text) for __aeabi_uldivmod
    printf6.o(i.__0fprintf$6) refers to printf6.o(i._printf_core) for _printf_core
    printf6.o(i.__0fprintf$6) refers to usart1.o(.text) for fputc
    printf6.o(i.__0printf$6) refers to printf6.o(i._printf_core) for _printf_core
    printf6.o(i.__0printf$6) refers to usart1.o(.text) for fputc
    printf6.o(i.__0printf$6) refers to stdout.o(.data) for __stdout
    printf6.o(i.__0snprintf$6) refers to printf6.o(i._printf_core) for _printf_core
    printf6.o(i.__0snprintf$6) refers to printf6.o(i._snputc) for _snputc
    printf6.o(i.__0sprintf$6) refers to printf6.o(i._printf_core) for _printf_core
    printf6.o(i.__0sprintf$6) refers to printf6.o(i._sputc) for _sputc
    printf6.o(i.__0vfprintf$6) refers to printf6.o(i._printf_core) for _printf_core
    printf6.o(i.__0vfprintf$6) refers to usart1.o(.text) for fputc
    printf6.o(i.__0vprintf$6) refers to printf6.o(i._printf_core) for _printf_core
    printf6.o(i.__0vprintf$6) refers to usart1.o(.text) for fputc
    printf6.o(i.__0vprintf$6) refers to stdout.o(.data) for __stdout
    printf6.o(i.__0vsnprintf$6) refers to printf6.o(i._printf_core) for _printf_core
    printf6.o(i.__0vsnprintf$6) refers to printf6.o(i._snputc) for _snputc
    printf6.o(i.__0vsprintf$6) refers to printf6.o(i._printf_core) for _printf_core
    printf6.o(i.__0vsprintf$6) refers to printf6.o(i._sputc) for _sputc
    printf6.o(i._printf_core) refers to printf6.o(i._printf_pre_padding) for _printf_pre_padding
    printf6.o(i._printf_core) refers to uidiv.o(.text) for __aeabi_uidivmod
    printf6.o(i._printf_core) refers to printf6.o(i._printf_post_padding) for _printf_post_padding
    printf7.o(i.__0fprintf$7) refers to printf7.o(i._printf_core) for _printf_core
    printf7.o(i.__0fprintf$7) refers to usart1.o(.text) for fputc
    printf7.o(i.__0printf$7) refers to printf7.o(i._printf_core) for _printf_core
    printf7.o(i.__0printf$7) refers to usart1.o(.text) for fputc
    printf7.o(i.__0printf$7) refers to stdout.o(.data) for __stdout
    printf7.o(i.__0snprintf$7) refers to printf7.o(i._printf_core) for _printf_core
    printf7.o(i.__0snprintf$7) refers to printf7.o(i._snputc) for _snputc
    printf7.o(i.__0sprintf$7) refers to printf7.o(i._printf_core) for _printf_core
    printf7.o(i.__0sprintf$7) refers to printf7.o(i._sputc) for _sputc
    printf7.o(i.__0vfprintf$7) refers to printf7.o(i._printf_core) for _printf_core
    printf7.o(i.__0vfprintf$7) refers to usart1.o(.text) for fputc
    printf7.o(i.__0vprintf$7) refers to printf7.o(i._printf_core) for _printf_core
    printf7.o(i.__0vprintf$7) refers to usart1.o(.text) for fputc
    printf7.o(i.__0vprintf$7) refers to stdout.o(.data) for __stdout
    printf7.o(i.__0vsnprintf$7) refers to printf7.o(i._printf_core) for _printf_core
    printf7.o(i.__0vsnprintf$7) refers to printf7.o(i._snputc) for _snputc
    printf7.o(i.__0vsprintf$7) refers to printf7.o(i._printf_core) for _printf_core
    printf7.o(i.__0vsprintf$7) refers to printf7.o(i._sputc) for _sputc
    printf7.o(i._printf_core) refers to printf7.o(i._printf_pre_padding) for _printf_pre_padding
    printf7.o(i._printf_core) refers to uldiv.o(.text) for __aeabi_uldivmod
    printf7.o(i._printf_core) refers to printf7.o(i._printf_post_padding) for _printf_post_padding
    printf8.o(i.__0fprintf$8) refers to printf8.o(i._printf_core) for _printf_core
    printf8.o(i.__0fprintf$8) refers to usart1.o(.text) for fputc
    printf8.o(i.__0printf$8) refers to printf8.o(i._printf_core) for _printf_core
    printf8.o(i.__0printf$8) refers to usart1.o(.text) for fputc
    printf8.o(i.__0printf$8) refers to stdout.o(.data) for __stdout
    printf8.o(i.__0snprintf$8) refers to printf8.o(i._printf_core) for _printf_core
    printf8.o(i.__0snprintf$8) refers to printf8.o(i._snputc) for _snputc
    printf8.o(i.__0sprintf$8) refers to printf8.o(i._printf_core) for _printf_core
    printf8.o(i.__0sprintf$8) refers to printf8.o(i._sputc) for _sputc
    printf8.o(i.__0vfprintf$8) refers to printf8.o(i._printf_core) for _printf_core
    printf8.o(i.__0vfprintf$8) refers to usart1.o(.text) for fputc
    printf8.o(i.__0vprintf$8) refers to printf8.o(i._printf_core) for _printf_core
    printf8.o(i.__0vprintf$8) refers to usart1.o(.text) for fputc
    printf8.o(i.__0vprintf$8) refers to stdout.o(.data) for __stdout
    printf8.o(i.__0vsnprintf$8) refers to printf8.o(i._printf_core) for _printf_core
    printf8.o(i.__0vsnprintf$8) refers to printf8.o(i._snputc) for _snputc
    printf8.o(i.__0vsprintf$8) refers to printf8.o(i._printf_core) for _printf_core
    printf8.o(i.__0vsprintf$8) refers to printf8.o(i._sputc) for _sputc
    printf8.o(i._printf_core) refers to printf8.o(i._printf_pre_padding) for _printf_pre_padding
    printf8.o(i._printf_core) refers to uldiv.o(.text) for __aeabi_uldivmod
    printf8.o(i._printf_core) refers to printf8.o(i._printf_post_padding) for _printf_post_padding
    printfa.o(i.__0fprintf) refers (Special) to iusefp.o(.text) for __I$use$fp
    printfa.o(i.__0fprintf) refers to printfa.o(i._printf_core) for _printf_core
    printfa.o(i.__0fprintf) refers to usart1.o(.text) for fputc
    printfa.o(i.__0printf) refers (Special) to iusefp.o(.text) for __I$use$fp
    printfa.o(i.__0printf) refers to printfa.o(i._printf_core) for _printf_core
    printfa.o(i.__0printf) refers to usart1.o(.text) for fputc
    printfa.o(i.__0printf) refers to stdout.o(.data) for __stdout
    printfa.o(i.__0snprintf) refers (Special) to iusefp.o(.text) for __I$use$fp
    printfa.o(i.__0snprintf) refers to printfa.o(i._printf_core) for _printf_core
    printfa.o(i.__0snprintf) refers to printfa.o(i._snputc) for _snputc
    printfa.o(i.__0sprintf) refers (Special) to iusefp.o(.text) for __I$use$fp
    printfa.o(i.__0sprintf) refers to printfa.o(i._printf_core) for _printf_core
    printfa.o(i.__0sprintf) refers to printfa.o(i._sputc) for _sputc
    printfa.o(i.__0vfprintf) refers (Special) to iusefp.o(.text) for __I$use$fp
    printfa.o(i.__0vfprintf) refers to printfa.o(i._printf_core) for _printf_core
    printfa.o(i.__0vfprintf) refers to usart1.o(.text) for fputc
    printfa.o(i.__0vprintf) refers (Special) to iusefp.o(.text) for __I$use$fp
    printfa.o(i.__0vprintf) refers to printfa.o(i._printf_core) for _printf_core
    printfa.o(i.__0vprintf) refers to usart1.o(.text) for fputc
    printfa.o(i.__0vprintf) refers to stdout.o(.data) for __stdout
    printfa.o(i.__0vsnprintf) refers (Special) to iusefp.o(.text) for __I$use$fp
    printfa.o(i.__0vsnprintf) refers to printfa.o(i._printf_core) for _printf_core
    printfa.o(i.__0vsnprintf) refers to printfa.o(i._snputc) for _snputc
    printfa.o(i.__0vsprintf) refers (Special) to iusefp.o(.text) for __I$use$fp
    printfa.o(i.__0vsprintf) refers to printfa.o(i._printf_core) for _printf_core
    printfa.o(i.__0vsprintf) refers to printfa.o(i._sputc) for _sputc
    printfa.o(i._fp_digits) refers (Special) to iusefp.o(.text) for __I$use$fp
    printfa.o(i._fp_digits) refers to dmul.o(.text) for __aeabi_dmul
    printfa.o(i._fp_digits) refers to ddiv.o(.text) for __aeabi_ddiv
    printfa.o(i._fp_digits) refers to cdrcmple.o(.text) for __aeabi_cdrcmple
    printfa.o(i._fp_digits) refers to dadd.o(.text) for __aeabi_dadd
    printfa.o(i._fp_digits) refers to dfixul.o(.text) for __aeabi_d2ulz
    printfa.o(i._fp_digits) refers to uldiv.o(.text) for __aeabi_uldivmod
    printfa.o(i._printf_core) refers (Special) to iusefp.o(.text) for __I$use$fp
    printfa.o(i._printf_core) refers to printfa.o(i._printf_pre_padding) for _printf_pre_padding
    printfa.o(i._printf_core) refers to uldiv.o(.text) for __aeabi_uldivmod
    printfa.o(i._printf_core) refers to printfa.o(i._printf_post_padding) for _printf_post_padding
    printfa.o(i._printf_core) refers to printfa.o(i._fp_digits) for _fp_digits
    printfa.o(i._printf_core) refers to uidiv.o(.text) for __aeabi_uidivmod
    printfa.o(i._printf_post_padding) refers (Special) to iusefp.o(.text) for __I$use$fp
    printfa.o(i._printf_pre_padding) refers (Special) to iusefp.o(.text) for __I$use$fp
    printfa.o(i._snputc) refers (Special) to iusefp.o(.text) for __I$use$fp
    printfa.o(i._sputc) refers (Special) to iusefp.o(.text) for __I$use$fp
    dadd.o(.text) refers (Special) to iusefp.o(.text) for __I$use$fp
    dadd.o(.text) refers to llshl.o(.text) for __aeabi_llsl
    dadd.o(.text) refers to llsshr.o(.text) for __aeabi_lasr
    dadd.o(.text) refers to depilogue.o(.text) for _double_epilogue
    dmul.o(.text) refers (Special) to iusefp.o(.text) for __I$use$fp
    dmul.o(.text) refers to depilogue.o(.text) for _double_epilogue
    dscalb.o(.text) refers (Special) to iusefp.o(.text) for __I$use$fp
    dfltui.o(.text) refers (Special) to iusefp.o(.text) for __I$use$fp
    dfltui.o(.text) refers to depilogue.o(.text) for _double_epilogue
    dfixui.o(.text) refers (Special) to iusefp.o(.text) for __I$use$fp
    dfixui.o(.text) refers to llushr.o(.text) for __aeabi_llsr
    cdcmple.o(.text) refers (Special) to iusefp.o(.text) for __I$use$fp
    cdrcmple.o(.text) refers (Special) to iusefp.o(.text) for __I$use$fp
    cfcmple.o(.text) refers (Special) to iusefp.o(.text) for __I$use$fp
    entry2.o(.ARM.Collect$$$$00000001) refers to entry2.o(.ARM.Collect$$$$00002712) for __lit__00000000
    entry2.o(.ARM.Collect$$$$00002712) refers to startup_stm32f10x_hd.o(STACK) for __initial_sp
    entry2.o(__vectab_stack_and_reset_area) refers to startup_stm32f10x_hd.o(STACK) for __initial_sp
    entry2.o(__vectab_stack_and_reset_area) refers to entry.o(.ARM.Collect$$$$00000000) for __main
    entry5.o(.ARM.Collect$$$$00000004) refers to init.o(.text) for __scatterload
    entry9a.o(.ARM.Collect$$$$0000000B) refers to main.o(.text) for main
    entry9b.o(.ARM.Collect$$$$0000000C) refers to main.o(.text) for main
    uldiv.o(.text) refers to llushr.o(.text) for __aeabi_llsr
    uldiv.o(.text) refers to llshl.o(.text) for __aeabi_llsl
    depilogue.o(.text) refers to llshl.o(.text) for __aeabi_llsl
    depilogue.o(.text) refers to llushr.o(.text) for __aeabi_llsr
    ddiv.o(.text) refers to depilogue.o(.text) for _double_round
    dfixul.o(.text) refers to llushr.o(.text) for __aeabi_llsr
    dfixul.o(.text) refers to llshl.o(.text) for __aeabi_llsl
    init.o(.text) refers to entry5.o(.ARM.Collect$$$$00000004) for __main_after_scatterload


==============================================================================

Removing Unused input sections from the image.

    Removing startup_stm32f10x_hd.o(HEAP), (512 bytes).
    Removing main.o(.bss), (1000 bytes).
    Removing stm32f10x_bkp.o(.text), (152 bytes).
    Removing stm32f10x_rtc.o(.text), (272 bytes).
    Removing stm32f10x_pwr.o(.text), (172 bytes).
    Removing misc.o(.text), (176 bytes).
    Removing core_cm3.o(.emb_text), (32 bytes).
    Removing filterrollereffect_terminate.o(.text), (2 bytes).

8 unused section(s) (total 2318 bytes) removed from the image.

==============================================================================

Image Symbol Table

    Local Symbols

    Symbol Name                              Value     Ov Type        Size  Object(Section)

    ../clib/../cmprslib/lz77c.c              0x00000000   Number         0  __dclz77c.o ABSOLUTE
    ../clib/microlib/division.c              0x00000000   Number         0  uidiv.o ABSOLUTE
    ../clib/microlib/division.c              0x00000000   Number         0  uldiv.o ABSOLUTE
    ../clib/microlib/init/entry.s            0x00000000   Number         0  entry7a.o ABSOLUTE
    ../clib/microlib/init/entry.s            0x00000000   Number         0  entry2.o ABSOLUTE
    ../clib/microlib/init/entry.s            0x00000000   Number         0  entry5.o ABSOLUTE
    ../clib/microlib/init/entry.s            0x00000000   Number         0  entry7b.o ABSOLUTE
    ../clib/microlib/init/entry.s            0x00000000   Number         0  entry8a.o ABSOLUTE
    ../clib/microlib/init/entry.s            0x00000000   Number         0  entry10a.o ABSOLUTE
    ../clib/microlib/init/entry.s            0x00000000   Number         0  entry10b.o ABSOLUTE
    ../clib/microlib/init/entry.s            0x00000000   Number         0  entry.o ABSOLUTE
    ../clib/microlib/init/entry.s            0x00000000   Number         0  entry11a.o ABSOLUTE
    ../clib/microlib/init/entry.s            0x00000000   Number         0  entry11b.o ABSOLUTE
    ../clib/microlib/init/entry.s            0x00000000   Number         0  entry8b.o ABSOLUTE
    ../clib/microlib/init/entry.s            0x00000000   Number         0  entry9a.o ABSOLUTE
    ../clib/microlib/init/entry.s            0x00000000   Number         0  entry9b.o ABSOLUTE
    ../clib/microlib/longlong.c              0x00000000   Number         0  llshl.o ABSOLUTE
    ../clib/microlib/longlong.c              0x00000000   Number         0  llushr.o ABSOLUTE
    ../clib/microlib/longlong.c              0x00000000   Number         0  llsshr.o ABSOLUTE
    ../clib/microlib/printf/printf.c         0x00000000   Number         0  printf1.o ABSOLUTE
    ../clib/microlib/printf/printf.c         0x00000000   Number         0  printfb.o ABSOLUTE
    ../clib/microlib/printf/printf.c         0x00000000   Number         0  printf0.o ABSOLUTE
    ../clib/microlib/printf/printf.c         0x00000000   Number         0  printf2.o ABSOLUTE
    ../clib/microlib/printf/printf.c         0x00000000   Number         0  printf3.o ABSOLUTE
    ../clib/microlib/printf/printf.c         0x00000000   Number         0  printf4.o ABSOLUTE
    ../clib/microlib/printf/printf.c         0x00000000   Number         0  printf5.o ABSOLUTE
    ../clib/microlib/printf/printf.c         0x00000000   Number         0  printf6.o ABSOLUTE
    ../clib/microlib/printf/printf.c         0x00000000   Number         0  printf8.o ABSOLUTE
    ../clib/microlib/printf/printf.c         0x00000000   Number         0  printfa.o ABSOLUTE
    ../clib/microlib/printf/printf.c         0x00000000   Number         0  printf7.o ABSOLUTE
    ../clib/microlib/printf/stubs.s          0x00000000   Number         0  stubs.o ABSOLUTE
    ../clib/microlib/stdio/streams.c         0x00000000   Number         0  stdout.o ABSOLUTE
    ../clib/microlib/string/memset.c         0x00000000   Number         0  memseta.o ABSOLUTE
    ../clib/microlib/stubs.s                 0x00000000   Number         0  iusefp.o ABSOLUTE
    ../fplib/microlib/fpadd.c                0x00000000   Number         0  dadd.o ABSOLUTE
    ../fplib/microlib/fpdiv.c                0x00000000   Number         0  ddiv.o ABSOLUTE
    ../fplib/microlib/fpepilogue.c           0x00000000   Number         0  depilogue.o ABSOLUTE
    ../fplib/microlib/fpfix.c                0x00000000   Number         0  dfixul.o ABSOLUTE
    ../fplib/microlib/fpfix.c                0x00000000   Number         0  dfixui.o ABSOLUTE
    ../fplib/microlib/fpflt.c                0x00000000   Number         0  dfltui.o ABSOLUTE
    ../fplib/microlib/fpmul.c                0x00000000   Number         0  dmul.o ABSOLUTE
    ../fplib/microlib/fpscalb.c              0x00000000   Number         0  dscalb.o ABSOLUTE
    ..\CMSIS\core_cm3.c                      0x00000000   Number         0  core_cm3.o ABSOLUTE
    ..\CMSIS\startup\startup_stm32f10x_hd.s  0x00000000   Number         0  startup_stm32f10x_hd.o ABSOLUTE
    ..\CMSIS\system_stm32f10x.c              0x00000000   Number         0  system_stm32f10x.o ABSOLUTE
    ..\FWlib\src\misc.c                      0x00000000   Number         0  misc.o ABSOLUTE
    ..\FWlib\src\stm32f10x_bkp.c             0x00000000   Number         0  stm32f10x_bkp.o ABSOLUTE
    ..\FWlib\src\stm32f10x_gpio.c            0x00000000   Number         0  stm32f10x_gpio.o ABSOLUTE
    ..\FWlib\src\stm32f10x_pwr.c             0x00000000   Number         0  stm32f10x_pwr.o ABSOLUTE
    ..\FWlib\src\stm32f10x_rcc.c             0x00000000   Number         0  stm32f10x_rcc.o ABSOLUTE
    ..\FWlib\src\stm32f10x_rtc.c             0x00000000   Number         0  stm32f10x_rtc.o ABSOLUTE
    ..\FWlib\src\stm32f10x_usart.c           0x00000000   Number         0  stm32f10x_usart.o ABSOLUTE
    ..\\CMSIS\\core_cm3.c                    0x00000000   Number         0  core_cm3.o ABSOLUTE
    ..\filterRollerEffect\filterRollerEffect.c 0x00000000   Number         0  filterrollereffect.o ABSOLUTE
    ..\filterRollerEffect\filterRollerEffect_data.c 0x00000000   Number         0  filterrollereffect_data.o ABSOLUTE
    ..\filterRollerEffect\filterRollerEffect_initialize.c 0x00000000   Number         0  filterrollereffect_initialize.o ABSOLUTE
    ..\filterRollerEffect\filterRollerEffect_terminate.c 0x00000000   Number         0  filterrollereffect_terminate.o ABSOLUTE
    ..\filterRollerEffect\rand.c             0x00000000   Number         0  rand.o ABSOLUTE
    ..\filterRollerEffect\rtGetInf.c         0x00000000   Number         0  rtgetinf.o ABSOLUTE
    ..\filterRollerEffect\rtGetNaN.c         0x00000000   Number         0  rtgetnan.o ABSOLUTE
    ..\filterRollerEffect\rt_nonfinite.c     0x00000000   Number         0  rt_nonfinite.o ABSOLUTE
    cdcmple.s                                0x00000000   Number         0  cdcmple.o ABSOLUTE
    cdrcmple.s                               0x00000000   Number         0  cdrcmple.o ABSOLUTE
    cfcmple.s                                0x00000000   Number         0  cfcmple.o ABSOLUTE
    dc.s                                     0x00000000   Number         0  dc.o ABSOLUTE
    handlers.s                               0x00000000   Number         0  handlers.o ABSOLUTE
    init.s                                   0x00000000   Number         0  init.o ABSOLUTE
    main.c                                   0x00000000   Number         0  main.o ABSOLUTE
    stm32f10x_it.c                           0x00000000   Number         0  stm32f10x_it.o ABSOLUTE
    usart1.c                                 0x00000000   Number         0  usart1.o ABSOLUTE
    RESET                                    0x08000000   Section      304  startup_stm32f10x_hd.o(RESET)
    .ARM.Collect$$$$00000000                 0x08000130   Section        0  entry.o(.ARM.Collect$$$$00000000)
    .ARM.Collect$$$$00000001                 0x08000130   Section        4  entry2.o(.ARM.Collect$$$$00000001)
    .ARM.Collect$$$$00000004                 0x08000134   Section        4  entry5.o(.ARM.Collect$$$$00000004)
    .ARM.Collect$$$$00000008                 0x08000138   Section        0  entry7b.o(.ARM.Collect$$$$00000008)
    .ARM.Collect$$$$0000000A                 0x08000138   Section        0  entry8b.o(.ARM.Collect$$$$0000000A)
    .ARM.Collect$$$$0000000B                 0x08000138   Section        8  entry9a.o(.ARM.Collect$$$$0000000B)
    .ARM.Collect$$$$0000000D                 0x08000140   Section        0  entry10a.o(.ARM.Collect$$$$0000000D)
    .ARM.Collect$$$$0000000F                 0x08000140   Section        0  entry11a.o(.ARM.Collect$$$$0000000F)
    .ARM.Collect$$$$00002712                 0x08000140   Section        4  entry2.o(.ARM.Collect$$$$00002712)
    __lit__00000000                          0x08000140   Data           4  entry2.o(.ARM.Collect$$$$00002712)
    .text                                    0x08000144   Section       36  startup_stm32f10x_hd.o(.text)
    .text                                    0x08000168   Section        0  main.o(.text)
    .text                                    0x08000204   Section        0  stm32f10x_it.o(.text)
    .text                                    0x08000218   Section        0  usart1.o(.text)
    .text                                    0x080003ac   Section        0  stm32f10x_rcc.o(.text)
    .text                                    0x08000660   Section        0  stm32f10x_gpio.o(.text)
    .text                                    0x080008cc   Section        0  stm32f10x_usart.o(.text)
    .text                                    0x08000bf4   Section        0  system_stm32f10x.o(.text)
    SetSysClockTo72                          0x08000bf5   Thumb Code   160  system_stm32f10x.o(.text)
    .text                                    0x08000d48   Section        0  filterrollereffect.o(.text)
    .text                                    0x08000e20   Section        0  filterrollereffect_initialize.o(.text)
    .text                                    0x08000e70   Section        0  rand.o(.text)
    twister_state_vector                     0x08000e71   Thumb Code   116  rand.o(.text)
    eml_rand_mt19937ar                       0x08000ee5   Thumb Code   360  rand.o(.text)
    .text                                    0x08001174   Section        0  rt_nonfinite.o(.text)
    .text                                    0x08001218   Section        0  rtgetinf.o(.text)
    .text                                    0x08001268   Section        0  rtgetnan.o(.text)
    .text                                    0x080012ac   Section        0  memseta.o(.text)
    .text                                    0x080012d0   Section        0  dadd.o(.text)
    .text                                    0x0800141e   Section        0  dmul.o(.text)
    .text                                    0x08001502   Section        0  dscalb.o(.text)
    .text                                    0x08001530   Section        0  dfltui.o(.text)
    .text                                    0x0800154a   Section        0  dfixui.o(.text)
    .text                                    0x0800157c   Section       48  cdcmple.o(.text)
    .text                                    0x080015ac   Section       48  cdrcmple.o(.text)
    .text                                    0x080015dc   Section       20  cfcmple.o(.text)
    .text                                    0x080015f0   Section        0  uidiv.o(.text)
    .text                                    0x0800161c   Section        0  uldiv.o(.text)
    .text                                    0x0800167e   Section        0  llshl.o(.text)
    .text                                    0x0800169c   Section        0  llushr.o(.text)
    .text                                    0x080016bc   Section        0  llsshr.o(.text)
    .text                                    0x080016e0   Section        0  depilogue.o(.text)
    .text                                    0x080016e0   Section        0  iusefp.o(.text)
    .text                                    0x0800179a   Section        0  ddiv.o(.text)
    .text                                    0x08001878   Section        0  dfixul.o(.text)
    .text                                    0x080018a8   Section       36  init.o(.text)
    .text                                    0x080018cc   Section        0  __dclz77c.o(.text)
    i.__0printf                              0x0800192c   Section        0  printfa.o(i.__0printf)
    i.__scatterload_copy                     0x0800194c   Section       14  handlers.o(i.__scatterload_copy)
    i.__scatterload_null                     0x0800195a   Section        2  handlers.o(i.__scatterload_null)
    i.__scatterload_zeroinit                 0x0800195c   Section       14  handlers.o(i.__scatterload_zeroinit)
    i._fp_digits                             0x0800196c   Section        0  printfa.o(i._fp_digits)
    _fp_digits                               0x0800196d   Thumb Code   334  printfa.o(i._fp_digits)
    i._printf_core                           0x08001ad0   Section        0  printfa.o(i._printf_core)
    _printf_core                             0x08001ad1   Thumb Code  1744  printfa.o(i._printf_core)
    i._printf_post_padding                   0x080021ac   Section        0  printfa.o(i._printf_post_padding)
    _printf_post_padding                     0x080021ad   Thumb Code    36  printfa.o(i._printf_post_padding)
    i._printf_pre_padding                    0x080021d0   Section        0  printfa.o(i._printf_pre_padding)
    _printf_pre_padding                      0x080021d1   Thumb Code    46  printfa.o(i._printf_pre_padding)
    .constdata                               0x080021fe   Section       11  main.o(.constdata)
    .constdata                               0x08002209   Section       17  filterrollereffect.o(.constdata)
    cv1                                      0x08002209   Data           6  filterrollereffect.o(.constdata)
    cv0                                      0x0800220f   Data          11  filterrollereffect.o(.constdata)
    .data                                    0x20000000   Section     3808  main.o(.data)
    .data                                    0x20000ee0   Section       20  stm32f10x_rcc.o(.data)
    ADCPrescTable                            0x20000ee0   Data           4  stm32f10x_rcc.o(.data)
    APBAHBPrescTable                         0x20000ee4   Data          16  stm32f10x_rcc.o(.data)
    .data                                    0x20000ef4   Section       20  system_stm32f10x.o(.data)
    .data                                    0x20000f08   Section        4  filterrollereffect_data.o(.data)
    .data                                    0x20000f0c   Section        4  filterrollereffect_data.o(.data)
    .data                                    0x20000f10   Section        8  filterrollereffect_data.o(.data)
    .data                                    0x20000f18   Section        1  filterrollereffect_data.o(.data)
    .data                                    0x20000f20   Section       40  rt_nonfinite.o(.data)
    .data                                    0x20000f48   Section        4  stdout.o(.data)
    .bss                                     0x20000f50   Section     1904  main.o(.bss)
    .bss                                     0x200016c0   Section     2500  rand.o(.bss)
    c_state                                  0x200016c0   Data        2500  rand.o(.bss)
    STACK                                    0x20002088   Section     1024  startup_stm32f10x_hd.o(STACK)

    Global Symbols

    Symbol Name                              Value     Ov Type        Size  Object(Section)

    BuildAttributes$$THM_ISAv4$P$D$K$B$S$PE$A:L22UL41UL21$X:L11$S22US41US21$IEEE1$IW$USESV6$~STKCKD$USESV7$~SHL$OSPACE$ROPI$EBA8$MICROLIB$REQ8$PRES8$EABIv2 0x00000000   Number         0  anon$$obj.o ABSOLUTE
    __ARM_use_no_argv                        0x00000000   Number         0  main.o ABSOLUTE
    _printf_a                                0x00000000   Number         0  stubs.o ABSOLUTE
    _printf_c                                0x00000000   Number         0  stubs.o ABSOLUTE
    _printf_charcount                        0x00000000   Number         0  stubs.o ABSOLUTE
    _printf_d                                0x00000000   Number         0  stubs.o ABSOLUTE
    _printf_e                                0x00000000   Number         0  stubs.o ABSOLUTE
    _printf_f                                0x00000000   Number         0  stubs.o ABSOLUTE
    _printf_flags                            0x00000000   Number         0  stubs.o ABSOLUTE
    _printf_fp_dec                           0x00000000   Number         0  stubs.o ABSOLUTE
    _printf_fp_hex                           0x00000000   Number         0  stubs.o ABSOLUTE
    _printf_g                                0x00000000   Number         0  stubs.o ABSOLUTE
    _printf_i                                0x00000000   Number         0  stubs.o ABSOLUTE
    _printf_int_dec                          0x00000000   Number         0  stubs.o ABSOLUTE
    _printf_l                                0x00000000   Number         0  stubs.o ABSOLUTE
    _printf_lc                               0x00000000   Number         0  stubs.o ABSOLUTE
    _printf_ll                               0x00000000   Number         0  stubs.o ABSOLUTE
    _printf_lld                              0x00000000   Number         0  stubs.o ABSOLUTE
    _printf_lli                              0x00000000   Number         0  stubs.o ABSOLUTE
    _printf_llo                              0x00000000   Number         0  stubs.o ABSOLUTE
    _printf_llu                              0x00000000   Number         0  stubs.o ABSOLUTE
    _printf_llx                              0x00000000   Number         0  stubs.o ABSOLUTE
    _printf_longlong_dec                     0x00000000   Number         0  stubs.o ABSOLUTE
    _printf_longlong_hex                     0x00000000   Number         0  stubs.o ABSOLUTE
    _printf_longlong_oct                     0x00000000   Number         0  stubs.o ABSOLUTE
    _printf_ls                               0x00000000   Number         0  stubs.o ABSOLUTE
    _printf_mbtowc                           0x00000000   Number         0  stubs.o ABSOLUTE
    _printf_n                                0x00000000   Number         0  stubs.o ABSOLUTE
    _printf_o                                0x00000000   Number         0  stubs.o ABSOLUTE
    _printf_p                                0x00000000   Number         0  stubs.o ABSOLUTE
    _printf_percent                          0x00000000   Number         0  stubs.o ABSOLUTE
    _printf_pre_padding                      0x00000000   Number         0  stubs.o ABSOLUTE
    _printf_return_value                     0x00000000   Number         0  stubs.o ABSOLUTE
    _printf_s                                0x00000000   Number         0  stubs.o ABSOLUTE
    _printf_sizespec                         0x00000000   Number         0  stubs.o ABSOLUTE
    _printf_str                              0x00000000   Number         0  stubs.o ABSOLUTE
    _printf_truncate_signed                  0x00000000   Number         0  stubs.o ABSOLUTE
    _printf_truncate_unsigned                0x00000000   Number         0  stubs.o ABSOLUTE
    _printf_u                                0x00000000   Number         0  stubs.o ABSOLUTE
    _printf_wc                               0x00000000   Number         0  stubs.o ABSOLUTE
    _printf_wctomb                           0x00000000   Number         0  stubs.o ABSOLUTE
    _printf_widthprec                        0x00000000   Number         0  stubs.o ABSOLUTE
    _printf_x                                0x00000000   Number         0  stubs.o ABSOLUTE
    __cpp_initialize__aeabi_                  - Undefined Weak Reference
    __cxa_finalize                            - Undefined Weak Reference
    _clock_init                               - Undefined Weak Reference
    _microlib_exit                            - Undefined Weak Reference
    __Vectors_Size                           0x00000130   Number         0  startup_stm32f10x_hd.o ABSOLUTE
    __Vectors                                0x08000000   Data           4  startup_stm32f10x_hd.o(RESET)
    __Vectors_End                            0x08000130   Data           0  startup_stm32f10x_hd.o(RESET)
    __main                                   0x08000131   Thumb Code     0  entry.o(.ARM.Collect$$$$00000000)
    _main_stk                                0x08000131   Thumb Code     0  entry2.o(.ARM.Collect$$$$00000001)
    _main_scatterload                        0x08000135   Thumb Code     0  entry5.o(.ARM.Collect$$$$00000004)
    __main_after_scatterload                 0x08000139   Thumb Code     0  entry5.o(.ARM.Collect$$$$00000004)
    _main_clock                              0x08000139   Thumb Code     0  entry7b.o(.ARM.Collect$$$$00000008)
    _main_cpp_init                           0x08000139   Thumb Code     0  entry8b.o(.ARM.Collect$$$$0000000A)
    _main_init                               0x08000139   Thumb Code     0  entry9a.o(.ARM.Collect$$$$0000000B)
    __rt_final_cpp                           0x08000141   Thumb Code     0  entry10a.o(.ARM.Collect$$$$0000000D)
    __rt_final_exit                          0x08000141   Thumb Code     0  entry11a.o(.ARM.Collect$$$$0000000F)
    Reset_Handler                            0x08000145   Thumb Code     8  startup_stm32f10x_hd.o(.text)
    ADC1_2_IRQHandler                        0x0800015f   Thumb Code     0  startup_stm32f10x_hd.o(.text)
    ADC3_IRQHandler                          0x0800015f   Thumb Code     0  startup_stm32f10x_hd.o(.text)
    CAN1_RX1_IRQHandler                      0x0800015f   Thumb Code     0  startup_stm32f10x_hd.o(.text)
    CAN1_SCE_IRQHandler                      0x0800015f   Thumb Code     0  startup_stm32f10x_hd.o(.text)
    DMA1_Channel1_IRQHandler                 0x0800015f   Thumb Code     0  startup_stm32f10x_hd.o(.text)
    DMA1_Channel2_IRQHandler                 0x0800015f   Thumb Code     0  startup_stm32f10x_hd.o(.text)
    DMA1_Channel3_IRQHandler                 0x0800015f   Thumb Code     0  startup_stm32f10x_hd.o(.text)
    DMA1_Channel4_IRQHandler                 0x0800015f   Thumb Code     0  startup_stm32f10x_hd.o(.text)
    DMA1_Channel5_IRQHandler                 0x0800015f   Thumb Code     0  startup_stm32f10x_hd.o(.text)
    DMA1_Channel6_IRQHandler                 0x0800015f   Thumb Code     0  startup_stm32f10x_hd.o(.text)
    DMA1_Channel7_IRQHandler                 0x0800015f   Thumb Code     0  startup_stm32f10x_hd.o(.text)
    DMA2_Channel1_IRQHandler                 0x0800015f   Thumb Code     0  startup_stm32f10x_hd.o(.text)
    DMA2_Channel2_IRQHandler                 0x0800015f   Thumb Code     0  startup_stm32f10x_hd.o(.text)
    DMA2_Channel3_IRQHandler                 0x0800015f   Thumb Code     0  startup_stm32f10x_hd.o(.text)
    DMA2_Channel4_5_IRQHandler               0x0800015f   Thumb Code     0  startup_stm32f10x_hd.o(.text)
    EXTI0_IRQHandler                         0x0800015f   Thumb Code     0  startup_stm32f10x_hd.o(.text)
    EXTI15_10_IRQHandler                     0x0800015f   Thumb Code     0  startup_stm32f10x_hd.o(.text)
    EXTI1_IRQHandler                         0x0800015f   Thumb Code     0  startup_stm32f10x_hd.o(.text)
    EXTI2_IRQHandler                         0x0800015f   Thumb Code     0  startup_stm32f10x_hd.o(.text)
    EXTI3_IRQHandler                         0x0800015f   Thumb Code     0  startup_stm32f10x_hd.o(.text)
    EXTI4_IRQHandler                         0x0800015f   Thumb Code     0  startup_stm32f10x_hd.o(.text)
    EXTI9_5_IRQHandler                       0x0800015f   Thumb Code     0  startup_stm32f10x_hd.o(.text)
    FLASH_IRQHandler                         0x0800015f   Thumb Code     0  startup_stm32f10x_hd.o(.text)
    FSMC_IRQHandler                          0x0800015f   Thumb Code     0  startup_stm32f10x_hd.o(.text)
    I2C1_ER_IRQHandler                       0x0800015f   Thumb Code     0  startup_stm32f10x_hd.o(.text)
    I2C1_EV_IRQHandler                       0x0800015f   Thumb Code     0  startup_stm32f10x_hd.o(.text)
    I2C2_ER_IRQHandler                       0x0800015f   Thumb Code     0  startup_stm32f10x_hd.o(.text)
    I2C2_EV_IRQHandler                       0x0800015f   Thumb Code     0  startup_stm32f10x_hd.o(.text)
    PVD_IRQHandler                           0x0800015f   Thumb Code     0  startup_stm32f10x_hd.o(.text)
    RCC_IRQHandler                           0x0800015f   Thumb Code     0  startup_stm32f10x_hd.o(.text)
    RTCAlarm_IRQHandler                      0x0800015f   Thumb Code     0  startup_stm32f10x_hd.o(.text)
    SDIO_IRQHandler                          0x0800015f   Thumb Code     0  startup_stm32f10x_hd.o(.text)
    SPI1_IRQHandler                          0x0800015f   Thumb Code     0  startup_stm32f10x_hd.o(.text)
    SPI2_IRQHandler                          0x0800015f   Thumb Code     0  startup_stm32f10x_hd.o(.text)
    SPI3_IRQHandler                          0x0800015f   Thumb Code     0  startup_stm32f10x_hd.o(.text)
    TAMPER_IRQHandler                        0x0800015f   Thumb Code     0  startup_stm32f10x_hd.o(.text)
    TIM1_BRK_IRQHandler                      0x0800015f   Thumb Code     0  startup_stm32f10x_hd.o(.text)
    TIM1_CC_IRQHandler                       0x0800015f   Thumb Code     0  startup_stm32f10x_hd.o(.text)
    TIM1_TRG_COM_IRQHandler                  0x0800015f   Thumb Code     0  startup_stm32f10x_hd.o(.text)
    TIM1_UP_IRQHandler                       0x0800015f   Thumb Code     0  startup_stm32f10x_hd.o(.text)
    TIM2_IRQHandler                          0x0800015f   Thumb Code     0  startup_stm32f10x_hd.o(.text)
    TIM3_IRQHandler                          0x0800015f   Thumb Code     0  startup_stm32f10x_hd.o(.text)
    TIM4_IRQHandler                          0x0800015f   Thumb Code     0  startup_stm32f10x_hd.o(.text)
    TIM5_IRQHandler                          0x0800015f   Thumb Code     0  startup_stm32f10x_hd.o(.text)
    TIM6_IRQHandler                          0x0800015f   Thumb Code     0  startup_stm32f10x_hd.o(.text)
    TIM7_IRQHandler                          0x0800015f   Thumb Code     0  startup_stm32f10x_hd.o(.text)
    TIM8_BRK_IRQHandler                      0x0800015f   Thumb Code     0  startup_stm32f10x_hd.o(.text)
    TIM8_CC_IRQHandler                       0x0800015f   Thumb Code     0  startup_stm32f10x_hd.o(.text)
    TIM8_TRG_COM_IRQHandler                  0x0800015f   Thumb Code     0  startup_stm32f10x_hd.o(.text)
    TIM8_UP_IRQHandler                       0x0800015f   Thumb Code     0  startup_stm32f10x_hd.o(.text)
    UART4_IRQHandler                         0x0800015f   Thumb Code     0  startup_stm32f10x_hd.o(.text)
    UART5_IRQHandler                         0x0800015f   Thumb Code     0  startup_stm32f10x_hd.o(.text)
    USART1_IRQHandler                        0x0800015f   Thumb Code     0  startup_stm32f10x_hd.o(.text)
    USART2_IRQHandler                        0x0800015f   Thumb Code     0  startup_stm32f10x_hd.o(.text)
    USART3_IRQHandler                        0x0800015f   Thumb Code     0  startup_stm32f10x_hd.o(.text)
    USBWakeUp_IRQHandler                     0x0800015f   Thumb Code     0  startup_stm32f10x_hd.o(.text)
    USB_HP_CAN1_TX_IRQHandler                0x0800015f   Thumb Code     0  startup_stm32f10x_hd.o(.text)
    USB_LP_CAN1_RX0_IRQHandler               0x0800015f   Thumb Code     0  startup_stm32f10x_hd.o(.text)
    WWDG_IRQHandler                          0x0800015f   Thumb Code     0  startup_stm32f10x_hd.o(.text)
    main                                     0x08000169   Thumb Code    62  main.o(.text)
    NMI_Handler                              0x08000205   Thumb Code     2  stm32f10x_it.o(.text)
    HardFault_Handler                        0x08000207   Thumb Code     2  stm32f10x_it.o(.text)
    MemManage_Handler                        0x08000209   Thumb Code     2  stm32f10x_it.o(.text)
    BusFault_Handler                         0x0800020b   Thumb Code     2  stm32f10x_it.o(.text)
    UsageFault_Handler                       0x0800020d   Thumb Code     2  stm32f10x_it.o(.text)
    SVC_Handler                              0x0800020f   Thumb Code     2  stm32f10x_it.o(.text)
    DebugMon_Handler                         0x08000211   Thumb Code     2  stm32f10x_it.o(.text)
    PendSV_Handler                           0x08000213   Thumb Code     2  stm32f10x_it.o(.text)
    SysTick_Handler                          0x08000215   Thumb Code     2  stm32f10x_it.o(.text)
    RTC_IRQHandler                           0x08000217   Thumb Code     2  stm32f10x_it.o(.text)
    USART1_Config                            0x08000219   Thumb Code   116  usart1.o(.text)
    fputc                                    0x0800028d   Thumb Code    24  usart1.o(.text)
    USART1_printf                            0x080002a5   Thumb Code   254  usart1.o(.text)
    RCC_DeInit                               0x080003ad   Thumb Code    50  stm32f10x_rcc.o(.text)
    RCC_HSEConfig                            0x080003df   Thumb Code    48  stm32f10x_rcc.o(.text)
    RCC_GetFlagStatus                        0x0800040f   Thumb Code    42  stm32f10x_rcc.o(.text)
    RCC_WaitForHSEStartUp                    0x08000439   Thumb Code    44  stm32f10x_rcc.o(.text)
    RCC_AdjustHSICalibrationValue            0x08000465   Thumb Code    16  stm32f10x_rcc.o(.text)
    RCC_HSICmd                               0x08000475   Thumb Code     6  stm32f10x_rcc.o(.text)
    RCC_PLLConfig                            0x0800047b   Thumb Code    16  stm32f10x_rcc.o(.text)
    RCC_PLLCmd                               0x0800048b   Thumb Code     6  stm32f10x_rcc.o(.text)
    RCC_SYSCLKConfig                         0x08000491   Thumb Code    14  stm32f10x_rcc.o(.text)
    RCC_GetSYSCLKSource                      0x0800049f   Thumb Code    10  stm32f10x_rcc.o(.text)
    RCC_HCLKConfig                           0x080004a9   Thumb Code    14  stm32f10x_rcc.o(.text)
    RCC_PCLK1Config                          0x080004b7   Thumb Code    14  stm32f10x_rcc.o(.text)
    RCC_PCLK2Config                          0x080004c5   Thumb Code    16  stm32f10x_rcc.o(.text)
    RCC_ITConfig                             0x080004d5   Thumb Code    18  stm32f10x_rcc.o(.text)
    RCC_USBCLKConfig                         0x080004e7   Thumb Code     8  stm32f10x_rcc.o(.text)
    RCC_ADCCLKConfig                         0x080004ef   Thumb Code    14  stm32f10x_rcc.o(.text)
    RCC_LSEConfig                            0x080004fd   Thumb Code    28  stm32f10x_rcc.o(.text)
    RCC_LSICmd                               0x08000519   Thumb Code     6  stm32f10x_rcc.o(.text)
    RCC_RTCCLKConfig                         0x0800051f   Thumb Code    10  stm32f10x_rcc.o(.text)
    RCC_RTCCLKCmd                            0x08000529   Thumb Code     8  stm32f10x_rcc.o(.text)
    RCC_GetClocksFreq                        0x08000531   Thumb Code   128  stm32f10x_rcc.o(.text)
    RCC_AHBPeriphClockCmd                    0x080005b1   Thumb Code    18  stm32f10x_rcc.o(.text)
    RCC_APB2PeriphClockCmd                   0x080005c3   Thumb Code    18  stm32f10x_rcc.o(.text)
    RCC_APB1PeriphClockCmd                   0x080005d5   Thumb Code    18  stm32f10x_rcc.o(.text)
    RCC_APB2PeriphResetCmd                   0x080005e7   Thumb Code    18  stm32f10x_rcc.o(.text)
    RCC_APB1PeriphResetCmd                   0x080005f9   Thumb Code    18  stm32f10x_rcc.o(.text)
    RCC_BackupResetCmd                       0x0800060b   Thumb Code     8  stm32f10x_rcc.o(.text)
    RCC_ClockSecuritySystemCmd               0x08000613   Thumb Code     6  stm32f10x_rcc.o(.text)
    RCC_MCOConfig                            0x08000619   Thumb Code     6  stm32f10x_rcc.o(.text)
    RCC_ClearFlag                            0x0800061f   Thumb Code    12  stm32f10x_rcc.o(.text)
    RCC_GetITStatus                          0x0800062b   Thumb Code    16  stm32f10x_rcc.o(.text)
    RCC_ClearITPendingBit                    0x0800063b   Thumb Code     6  stm32f10x_rcc.o(.text)
    GPIO_DeInit                              0x08000661   Thumb Code   152  stm32f10x_gpio.o(.text)
    GPIO_AFIODeInit                          0x080006f9   Thumb Code    22  stm32f10x_gpio.o(.text)
    GPIO_Init                                0x0800070f   Thumb Code   164  stm32f10x_gpio.o(.text)
    GPIO_StructInit                          0x080007b3   Thumb Code    16  stm32f10x_gpio.o(.text)
    GPIO_ReadInputDataBit                    0x080007c3   Thumb Code    14  stm32f10x_gpio.o(.text)
    GPIO_ReadInputData                       0x080007d1   Thumb Code     6  stm32f10x_gpio.o(.text)
    GPIO_ReadOutputDataBit                   0x080007d7   Thumb Code    14  stm32f10x_gpio.o(.text)
    GPIO_ReadOutputData                      0x080007e5   Thumb Code     6  stm32f10x_gpio.o(.text)
    GPIO_SetBits                             0x080007eb   Thumb Code     4  stm32f10x_gpio.o(.text)
    GPIO_ResetBits                           0x080007ef   Thumb Code     4  stm32f10x_gpio.o(.text)
    GPIO_WriteBit                            0x080007f3   Thumb Code    10  stm32f10x_gpio.o(.text)
    GPIO_Write                               0x080007fd   Thumb Code     4  stm32f10x_gpio.o(.text)
    GPIO_PinLockConfig                       0x08000801   Thumb Code    16  stm32f10x_gpio.o(.text)
    GPIO_EventOutputConfig                   0x08000811   Thumb Code    22  stm32f10x_gpio.o(.text)
    GPIO_EventOutputCmd                      0x08000827   Thumb Code     6  stm32f10x_gpio.o(.text)
    GPIO_PinRemapConfig                      0x0800082d   Thumb Code    82  stm32f10x_gpio.o(.text)
    GPIO_EXTILineConfig                      0x0800087f   Thumb Code    34  stm32f10x_gpio.o(.text)
    GPIO_ETH_MediaInterfaceConfig            0x080008a1   Thumb Code     8  stm32f10x_gpio.o(.text)
    USART_DeInit                             0x080008cd   Thumb Code    96  stm32f10x_usart.o(.text)
    USART_Init                               0x0800092d   Thumb Code   166  stm32f10x_usart.o(.text)
    USART_StructInit                         0x080009d3   Thumb Code    22  stm32f10x_usart.o(.text)
    USART_ClockInit                          0x080009e9   Thumb Code    30  stm32f10x_usart.o(.text)
    USART_ClockStructInit                    0x08000a07   Thumb Code    12  stm32f10x_usart.o(.text)
    USART_Cmd                                0x08000a13   Thumb Code    20  stm32f10x_usart.o(.text)
    USART_ITConfig                           0x08000a27   Thumb Code    48  stm32f10x_usart.o(.text)
    USART_DMACmd                             0x08000a57   Thumb Code    16  stm32f10x_usart.o(.text)
    USART_SetAddress                         0x08000a67   Thumb Code    16  stm32f10x_usart.o(.text)
    USART_WakeUpConfig                       0x08000a77   Thumb Code    16  stm32f10x_usart.o(.text)
    USART_ReceiverWakeUpCmd                  0x08000a87   Thumb Code    20  stm32f10x_usart.o(.text)
    USART_LINBreakDetectLengthConfig         0x08000a9b   Thumb Code    16  stm32f10x_usart.o(.text)
    USART_LINCmd                             0x08000aab   Thumb Code    20  stm32f10x_usart.o(.text)
    USART_SendData                           0x08000abf   Thumb Code     8  stm32f10x_usart.o(.text)
    USART_ReceiveData                        0x08000ac7   Thumb Code     8  stm32f10x_usart.o(.text)
    USART_SendBreak                          0x08000acf   Thumb Code    10  stm32f10x_usart.o(.text)
    USART_SetGuardTime                       0x08000ad9   Thumb Code    16  stm32f10x_usart.o(.text)
    USART_SetPrescaler                       0x08000ae9   Thumb Code    16  stm32f10x_usart.o(.text)
    USART_SmartCardCmd                       0x08000af9   Thumb Code    20  stm32f10x_usart.o(.text)
    USART_SmartCardNACKCmd                   0x08000b0d   Thumb Code    20  stm32f10x_usart.o(.text)
    USART_HalfDuplexCmd                      0x08000b21   Thumb Code    20  stm32f10x_usart.o(.text)
    USART_OverSampling8Cmd                   0x08000b35   Thumb Code    20  stm32f10x_usart.o(.text)
    USART_OneBitMethodCmd                    0x08000b49   Thumb Code    20  stm32f10x_usart.o(.text)
    USART_IrDAConfig                         0x08000b5d   Thumb Code    16  stm32f10x_usart.o(.text)
    USART_IrDACmd                            0x08000b6d   Thumb Code    20  stm32f10x_usart.o(.text)
    USART_GetFlagStatus                      0x08000b81   Thumb Code    14  stm32f10x_usart.o(.text)
    USART_ClearFlag                          0x08000b8f   Thumb Code     6  stm32f10x_usart.o(.text)
    USART_GetITStatus                        0x08000b95   Thumb Code    62  stm32f10x_usart.o(.text)
    USART_ClearITPendingBit                  0x08000bd3   Thumb Code    12  stm32f10x_usart.o(.text)
    SystemInit                               0x08000c95   Thumb Code    64  system_stm32f10x.o(.text)
    SystemCoreClockUpdate                    0x08000cd5   Thumb Code    84  system_stm32f10x.o(.text)
    filterRollerEffect                       0x08000d49   Thumb Code   204  filterrollereffect.o(.text)
    filterRollerEffect_initialize            0x08000e21   Thumb Code    52  filterrollereffect_initialize.o(.text)
    b_rand                                   0x0800104d   Thumb Code   234  rand.o(.text)
    rt_InitInfAndNaN                         0x08001175   Thumb Code    48  rt_nonfinite.o(.text)
    rtIsInf                                  0x080011a5   Thumb Code    40  rt_nonfinite.o(.text)
    rtIsInfF                                 0x080011cd   Thumb Code    32  rt_nonfinite.o(.text)
    rtIsNaN                                  0x080011ed   Thumb Code    20  rt_nonfinite.o(.text)
    rtIsNaNF                                 0x08001201   Thumb Code    18  rt_nonfinite.o(.text)
    rtGetInfF                                0x08001219   Thumb Code     6  rtgetinf.o(.text)
    rtGetInf                                 0x0800121f   Thumb Code    28  rtgetinf.o(.text)
    rtGetMinusInfF                           0x0800123b   Thumb Code     4  rtgetinf.o(.text)
    rtGetMinusInf                            0x0800123f   Thumb Code    28  rtgetinf.o(.text)
    rtGetNaNF                                0x08001269   Thumb Code    26  rtgetnan.o(.text)
    rtGetNaN                                 0x08001283   Thumb Code    32  rtgetnan.o(.text)
    __aeabi_memset                           0x080012ad   Thumb Code    14  memseta.o(.text)
    __aeabi_memset4                          0x080012ad   Thumb Code     0  memseta.o(.text)
    __aeabi_memset8                          0x080012ad   Thumb Code     0  memseta.o(.text)
    __aeabi_memclr                           0x080012bb   Thumb Code     4  memseta.o(.text)
    __aeabi_memclr4                          0x080012bb   Thumb Code     0  memseta.o(.text)
    __aeabi_memclr8                          0x080012bb   Thumb Code     0  memseta.o(.text)
    _memset$wrapper                          0x080012bf   Thumb Code    18  memseta.o(.text)
    __aeabi_dadd                             0x080012d1   Thumb Code   322  dadd.o(.text)
    __aeabi_dsub                             0x08001413   Thumb Code     6  dadd.o(.text)
    __aeabi_drsub                            0x08001419   Thumb Code     6  dadd.o(.text)
    __aeabi_dmul                             0x0800141f   Thumb Code   228  dmul.o(.text)
    __ARM_scalbn                             0x08001503   Thumb Code    46  dscalb.o(.text)
    scalbn                                   0x08001503   Thumb Code     0  dscalb.o(.text)
    __aeabi_ui2d                             0x08001531   Thumb Code    26  dfltui.o(.text)
    __aeabi_d2uiz                            0x0800154b   Thumb Code    50  dfixui.o(.text)
    __aeabi_cdcmpeq                          0x0800157d   Thumb Code     0  cdcmple.o(.text)
    __aeabi_cdcmple                          0x0800157d   Thumb Code    48  cdcmple.o(.text)
    __aeabi_cdrcmple                         0x080015ad   Thumb Code    48  cdrcmple.o(.text)
    __aeabi_cfcmpeq                          0x080015dd   Thumb Code     0  cfcmple.o(.text)
    __aeabi_cfcmple                          0x080015dd   Thumb Code    20  cfcmple.o(.text)
    __aeabi_uidiv                            0x080015f1   Thumb Code     0  uidiv.o(.text)
    __aeabi_uidivmod                         0x080015f1   Thumb Code    44  uidiv.o(.text)
    __aeabi_uldivmod                         0x0800161d   Thumb Code    98  uldiv.o(.text)
    __aeabi_llsl                             0x0800167f   Thumb Code    30  llshl.o(.text)
    _ll_shift_l                              0x0800167f   Thumb Code     0  llshl.o(.text)
    __aeabi_llsr                             0x0800169d   Thumb Code    32  llushr.o(.text)
    _ll_ushift_r                             0x0800169d   Thumb Code     0  llushr.o(.text)
    __aeabi_lasr                             0x080016bd   Thumb Code    36  llsshr.o(.text)
    _ll_sshift_r                             0x080016bd   Thumb Code     0  llsshr.o(.text)
    __I$use$fp                               0x080016e1   Thumb Code     0  iusefp.o(.text)
    _double_round                            0x080016e1   Thumb Code    30  depilogue.o(.text)
    _double_epilogue                         0x080016ff   Thumb Code   156  depilogue.o(.text)
    __aeabi_ddiv                             0x0800179b   Thumb Code   222  ddiv.o(.text)
    __aeabi_d2ulz                            0x08001879   Thumb Code    48  dfixul.o(.text)
    __scatterload                            0x080018a9   Thumb Code    28  init.o(.text)
    __scatterload_rt2                        0x080018a9   Thumb Code     0  init.o(.text)
    __decompress                             0x080018cd   Thumb Code     0  __dclz77c.o(.text)
    __decompress2                            0x080018cd   Thumb Code    94  __dclz77c.o(.text)
    __0printf                                0x0800192d   Thumb Code    22  printfa.o(i.__0printf)
    __1printf                                0x0800192d   Thumb Code     0  printfa.o(i.__0printf)
    __2printf                                0x0800192d   Thumb Code     0  printfa.o(i.__0printf)
    __c89printf                              0x0800192d   Thumb Code     0  printfa.o(i.__0printf)
    printf                                   0x0800192d   Thumb Code     0  printfa.o(i.__0printf)
    __scatterload_copy                       0x0800194d   Thumb Code    14  handlers.o(i.__scatterload_copy)
    __scatterload_null                       0x0800195b   Thumb Code     2  handlers.o(i.__scatterload_null)
    __scatterload_zeroinit                   0x0800195d   Thumb Code    14  handlers.o(i.__scatterload_zeroinit)
    roller_type                              0x080021fe   Data          11  main.o(.constdata)
    Region$$Table$$Base                      0x0800221c   Number         0  anon$$obj.o(Region$$Table)
    Region$$Table$$Limit                     0x0800223c   Number         0  anon$$obj.o(Region$$Table)
    resultant                                0x20000000   Data        1904  main.o(.data)
    roller_resultantAdjust                   0x20000770   Data        1904  main.o(.data)
    SystemCoreClock                          0x20000ef4   Data           4  system_stm32f10x.o(.data)
    AHBPrescTable                            0x20000ef8   Data          16  system_stm32f10x.o(.data)
    method                                   0x20000f08   Data           4  filterrollereffect_data.o(.data)
    state                                    0x20000f0c   Data           4  filterrollereffect_data.o(.data)
    b_state                                  0x20000f10   Data           8  filterrollereffect_data.o(.data)
    state_not_empty                          0x20000f18   Data           1  filterrollereffect_data.o(.data)
    rtInfF                                   0x20000f20   Data           4  rt_nonfinite.o(.data)
    rtMinusInfF                              0x20000f24   Data           4  rt_nonfinite.o(.data)
    rtNaNF                                   0x20000f28   Data           4  rt_nonfinite.o(.data)
    rtInf                                    0x20000f30   Data           8  rt_nonfinite.o(.data)
    rtMinusInf                               0x20000f38   Data           8  rt_nonfinite.o(.data)
    rtNaN                                    0x20000f40   Data           8  rt_nonfinite.o(.data)
    __stdout                                 0x20000f48   Data           4  stdout.o(.data)
    roller_removed                           0x20000f50   Data        1904  main.o(.bss)
    __initial_sp                             0x20002488   Data           0  startup_stm32f10x_hd.o(STACK)



==============================================================================

Memory Map of the image

  Image Entry point : 0x08000131

  Load Region LR_IROM1 (Base: 0x08000000, Size: 0x00003188, Max: 0x00080000, ABSOLUTE, COMPRESSED[0x00002bd4])

    Execution Region ER_IROM1 (Base: 0x08000000, Size: 0x0000223c, Max: 0x00080000, ABSOLUTE)

    Base Addr    Size         Type   Attr      Idx    E Section Name        Object

    0x08000000   0x00000130   Data   RO            3    RESET               startup_stm32f10x_hd.o
    0x08000130   0x00000000   Code   RO          395  * .ARM.Collect$$$$00000000  mc_w.l(entry.o)
    0x08000130   0x00000004   Code   RO          677    .ARM.Collect$$$$00000001  mc_w.l(entry2.o)
    0x08000134   0x00000004   Code   RO          680    .ARM.Collect$$$$00000004  mc_w.l(entry5.o)
    0x08000138   0x00000000   Code   RO          682    .ARM.Collect$$$$00000008  mc_w.l(entry7b.o)
    0x08000138   0x00000000   Code   RO          684    .ARM.Collect$$$$0000000A  mc_w.l(entry8b.o)
    0x08000138   0x00000008   Code   RO          685    .ARM.Collect$$$$0000000B  mc_w.l(entry9a.o)
    0x08000140   0x00000000   Code   RO          687    .ARM.Collect$$$$0000000D  mc_w.l(entry10a.o)
    0x08000140   0x00000000   Code   RO          689    .ARM.Collect$$$$0000000F  mc_w.l(entry11a.o)
    0x08000140   0x00000004   Code   RO          678    .ARM.Collect$$$$00002712  mc_w.l(entry2.o)
    0x08000144   0x00000024   Code   RO            4    .text               startup_stm32f10x_hd.o
    0x08000168   0x0000009c   Code   RO           10    .text               main.o
    0x08000204   0x00000014   Code   RO          109    .text               stm32f10x_it.o
    0x08000218   0x00000194   Code   RO          125    .text               usart1.o
    0x080003ac   0x000002b4   Code   RO          144    .text               stm32f10x_rcc.o
    0x08000660   0x0000026c   Code   RO          158    .text               stm32f10x_gpio.o
    0x080008cc   0x00000328   Code   RO          170    .text               stm32f10x_usart.o
    0x08000bf4   0x00000154   Code   RO          241    .text               system_stm32f10x.o
    0x08000d48   0x000000d8   Code   RO          259    .text               filterrollereffect.o
    0x08000e20   0x00000050   Code   RO          300    .text               filterrollereffect_initialize.o
    0x08000e70   0x00000304   Code   RO          331    .text               rand.o
    0x08001174   0x000000a4   Code   RO          345    .text               rt_nonfinite.o
    0x08001218   0x00000050   Code   RO          369    .text               rtgetinf.o
    0x08001268   0x00000044   Code   RO          382    .text               rtgetnan.o
    0x080012ac   0x00000024   Code   RO          398    .text               mc_w.l(memseta.o)
    0x080012d0   0x0000014e   Code   RO          661    .text               mf_w.l(dadd.o)
    0x0800141e   0x000000e4   Code   RO          663    .text               mf_w.l(dmul.o)
    0x08001502   0x0000002e   Code   RO          665    .text               mf_w.l(dscalb.o)
    0x08001530   0x0000001a   Code   RO          667    .text               mf_w.l(dfltui.o)
    0x0800154a   0x00000032   Code   RO          669    .text               mf_w.l(dfixui.o)
    0x0800157c   0x00000030   Code   RO          671    .text               mf_w.l(cdcmple.o)
    0x080015ac   0x00000030   Code   RO          673    .text               mf_w.l(cdrcmple.o)
    0x080015dc   0x00000014   Code   RO          675    .text               mf_w.l(cfcmple.o)
    0x080015f0   0x0000002c   Code   RO          692    .text               mc_w.l(uidiv.o)
    0x0800161c   0x00000062   Code   RO          694    .text               mc_w.l(uldiv.o)
    0x0800167e   0x0000001e   Code   RO          696    .text               mc_w.l(llshl.o)
    0x0800169c   0x00000020   Code   RO          698    .text               mc_w.l(llushr.o)
    0x080016bc   0x00000024   Code   RO          700    .text               mc_w.l(llsshr.o)
    0x080016e0   0x00000000   Code   RO          702    .text               mc_w.l(iusefp.o)
    0x080016e0   0x000000ba   Code   RO          703    .text               mf_w.l(depilogue.o)
    0x0800179a   0x000000de   Code   RO          705    .text               mf_w.l(ddiv.o)
    0x08001878   0x00000030   Code   RO          707    .text               mf_w.l(dfixul.o)
    0x080018a8   0x00000024   Code   RO          709    .text               mc_w.l(init.o)
    0x080018cc   0x0000005e   Code   RO          719    .text               mc_w.l(__dclz77c.o)
    0x0800192a   0x00000002   PAD
    0x0800192c   0x00000020   Code   RO          633    i.__0printf         mc_w.l(printfa.o)
    0x0800194c   0x0000000e   Code   RO          713    i.__scatterload_copy  mc_w.l(handlers.o)
    0x0800195a   0x00000002   Code   RO          714    i.__scatterload_null  mc_w.l(handlers.o)
    0x0800195c   0x0000000e   Code   RO          715    i.__scatterload_zeroinit  mc_w.l(handlers.o)
    0x0800196a   0x00000002   PAD
    0x0800196c   0x00000164   Code   RO          640    i._fp_digits        mc_w.l(printfa.o)
    0x08001ad0   0x000006dc   Code   RO          641    i._printf_core      mc_w.l(printfa.o)
    0x080021ac   0x00000024   Code   RO          642    i._printf_post_padding  mc_w.l(printfa.o)
    0x080021d0   0x0000002e   Code   RO          643    i._printf_pre_padding  mc_w.l(printfa.o)
    0x080021fe   0x0000000b   Data   RO           13    .constdata          main.o
    0x08002209   0x00000011   Data   RO          260    .constdata          filterrollereffect.o
    0x0800221a   0x00000002   PAD
    0x0800221c   0x00000020   Data   RO          711    Region$$Table       anon$$obj.o


    Execution Region RW_IRAM1 (Base: 0x20000000, Size: 0x00002488, Max: 0x00010000, ABSOLUTE, COMPRESSED[0x00000998])

    Base Addr    Size         Type   Attr      Idx    E Section Name        Object

    0x20000000   0x00000ee0   Data   RW           14    .data               main.o
    0x20000ee0   0x00000014   Data   RW          145    .data               stm32f10x_rcc.o
    0x20000ef4   0x00000014   Data   RW          242    .data               system_stm32f10x.o
    0x20000f08   0x00000004   Data   RW          285    .data               filterrollereffect_data.o
    0x20000f0c   0x00000004   Data   RW          286    .data               filterrollereffect_data.o
    0x20000f10   0x00000008   Data   RW          287    .data               filterrollereffect_data.o
    0x20000f18   0x00000001   Data   RW          288    .data               filterrollereffect_data.o
    0x20000f19   0x00000007   PAD
    0x20000f20   0x00000028   Data   RW          346    .data               rt_nonfinite.o
    0x20000f48   0x00000004   Data   RW          691    .data               mc_w.l(stdout.o)
    0x20000f4c   0x00000004   PAD
    0x20000f50   0x00000770   Zero   RW           11    .bss                main.o
    0x200016c0   0x000009c4   Zero   RW          332    .bss                rand.o
    0x20002084   0x00000004   PAD
    0x20002088   0x00000400   Zero   RW            1    STACK               startup_stm32f10x_hd.o


==============================================================================

Image component sizes


      Code (inc. data)   RO Data    RW Data    ZI Data      Debug   Object Name

       216         12         17          0          0       2788   filterrollereffect.o
         0          0          0         17          0        899   filterrollereffect_data.o
        80         28          0          0          0        660   filterrollereffect_initialize.o
       156         94         11       3808       1904     234178   main.o
       772         62          0          0       2500       2405   rand.o
       164          6          0         40          0       1848   rt_nonfinite.o
        80         14          0          0          0       1980   rtgetinf.o
        68         10          0          0          0       1639   rtgetnan.o
        36          8        304          0       1024        904   startup_stm32f10x_hd.o
       620         36          0          0          0       5025   stm32f10x_gpio.o
        20          0          0          0          0       1325   stm32f10x_it.o
       692         32          0         20          0       8216   stm32f10x_rcc.o
       808         22          0          0          0       7364   stm32f10x_usart.o
       340         32          0         20          0       2003   system_stm32f10x.o
       404         10          0          0          0       3708   usart1.o

    ----------------------------------------------------------------------
      4456        366        366       3912       5432     274942   Object Totals
         0          0         32          0          0          0   (incl. Generated)
         0          0          2          7          4          0   (incl. Padding)

    ----------------------------------------------------------------------

      Code (inc. data)   RO Data    RW Data    ZI Data      Debug   Library Member Name

        94          0          0          0          0          0   __dclz77c.o
         0          0          0          0          0          0   entry.o
         0          0          0          0          0          0   entry10a.o
         0          0          0          0          0          0   entry11a.o
         8          4          0          0          0          0   entry2.o
         4          0          0          0          0          0   entry5.o
         0          0          0          0          0          0   entry7b.o
         0          0          0          0          0          0   entry8b.o
         8          4          0          0          0          0   entry9a.o
        30          0          0          0          0          0   handlers.o
        36          8          0          0          0         68   init.o
         0          0          0          0          0          0   iusefp.o
        30          0          0          0          0         68   llshl.o
        36          0          0          0          0         68   llsshr.o
        32          0          0          0          0         68   llushr.o
        36          0          0          0          0        108   memseta.o
      2226         90          0          0          0        444   printfa.o
         0          0          0          4          0          0   stdout.o
        44          0          0          0          0         80   uidiv.o
        98          0          0          0          0         92   uldiv.o
        48          0          0          0          0         68   cdcmple.o
        48          0          0          0          0         68   cdrcmple.o
        20          0          0          0          0         68   cfcmple.o
       334          0          0          0          0        148   dadd.o
       222          0          0          0          0        100   ddiv.o
       186          0          0          0          0        176   depilogue.o
        50          0          0          0          0         76   dfixui.o
        48          0          0          0          0         68   dfixul.o
        26          0          0          0          0         76   dfltui.o
       228          0          0          0          0         96   dmul.o
        46          0          0          0          0         80   dscalb.o

    ----------------------------------------------------------------------
      3942        106          0          4          4       2020   Library Totals
         4          0          0          0          4          0   (incl. Padding)

    ----------------------------------------------------------------------

      Code (inc. data)   RO Data    RW Data    ZI Data      Debug   Library Name

      2682        106          0          4          0        996   mc_w.l
      1256          0          0          0          0       1024   mf_w.l

    ----------------------------------------------------------------------
      3942        106          0          4          4       2020   Library Totals

    ----------------------------------------------------------------------

==============================================================================


      Code (inc. data)   RO Data    RW Data    ZI Data      Debug   

      8398        472        366       3916       5436     275010   Grand Totals
      8398        472        366       2456       5436     275010   ELF Image Totals (compressed)
      8398        472        366       2456          0          0   ROM Totals

==============================================================================

    Total RO  Size (Code + RO Data)                 8764 (   8.56kB)
    Total RW  Size (RW Data + ZI Data)              9352 (   9.13kB)
    Total ROM Size (Code + RO Data + RW Data)      11220 (  10.96kB)

==============================================================================

